 gcc -g p2final.c
 ./a.out
enter the no.
4
enter the no.
6
4+6=10
 gdb a.out
GNU gdb (Ubuntu 8.1.1-0ubuntu1) 8.1.1
Copyright (C) 2018 Free Software Foundation, Inc.
License GPLv3+: GNU GPL version 3 or later <http://gnu.org/licenses/gpl.html>
This is free software: you are free to change and redistribute it.
There is NO WARRANTY, to the extent permitted by law.  Type "show copying"
and "show warranty" for details.
This GDB was configured as "x86_64-linux-gnu".
Type "show configuration" for configuration details.
For bug reporting instructions, please see:
<http://www.gnu.org/software/gdb/bugs/>.
Find the GDB manual and other documentation resources online at:
<http://www.gnu.org/software/gdb/documentation/>.
For help, type "help".
Type "apropos word" to search for commands related to "word"...
Reading symbols from a.out...done.
(gdb) b main
Breakpoint 1 at 0x810: file p2final.c, line 21.
(gdb) r
Starting program: /home/runner/pps-test1-madhavis2002-4/a.out 
warning: Error disabling address space randomization: Operation not permitted

Breakpoint 1, main () at p2final.c:21
21    int a=input();
(gdb) n
enter the no.
6
22    int b=input();
(gdb) n
enter the no.
6
23    int sum=add(a,b);
(gdb) n
24    output(a,b,sum);
(gdb) n
6+6=12
25    return 0;
(gdb) s
26  }(gdb) n
__libc_start_main (main=0x5618abe00808 <main>, argc=1, argv=0x7fff0e328748, 
    init=<optimized out>, fini=<optimized out>, rtld_fini=<
 
 gcc -g p2final.c
 ./a.out
enter the no.
5
enter the no.
6
5+6=11
 gdb a.out
GNU gdb (Ubuntu 8.1.1-0ubuntu1) 8.1.1
Copyright (C) 2018 Free Software Foundation, Inc.
License GPLv3+: GNU GPL version 3 or later <http://gnu.org/licenses/gpl.html>
This is free software: you are free to change and redistribute it.
There is NO WARRANTY, to the extent permitted by law.  Type "show copying"
and "show warranty" for details.
This GDB was configured as "x86_64-linux-gnu".
Type "show configuration" for configuration details.
For bug reporting instructions, please see:
<http://www.gnu.org/software/gdb/bugs/>.
Find the GDB manual and other documentation resources online at:
<http://www.gnu.org/software/gdb/documentation/>.
For help, type "help".
Type "apropos word" to search for commands related to "word"...
Reading symbols from a.out...done.
(gdb) b main
Breakpoint 1 at 0x810: file p2final.c, line 21.
(gdb) r
Starting program: /home/runner/pps-test1-madhavis2002-4/a.out 
warning: Error disabling address space randomization: Operation not permitted

Breakpoint 1, main () at p2final.c:21
21    int a=input();
(gdb) s
input () at p2final.c:3
3   {
(gdb) n
5     printf("enter the no.\n");
(gdb) n
enter the no.
6     scanf("%d",&a);
(gdb) n
7
7     return a;
(gdb) n
8   }
(gdb) n
main () at p2final.c:22
22    int b=input();
(gdb) n
enter the no.
7
23    int sum=add(a,b);
(gdb) 5
Undefined command: "5".  Try "help".
(gdb) n
24    output(a,b,sum);
(gdb) n
7+7=14
25    return 0;
(gdb) n
26  }(gdb) p a
$1 = 7
(gdb) p b
$2 = 7
(gdb) p sum
$3 = 14
(gdb) n
__libc_start_main (main=0x55a34e400808 <main>, argc=1, argv=0x7ffcd2e43788, 
    init=<optimized out>, fini=<optimized out>, rtld_fini=<optimized out>, 
    stack_end=0x7ffcd2e43778) at ../csu/libc-start.c:344
344 ../csu/libc-start.c: No such file or directory.
(gdb) c
Continuing.
[Inferior 1 (process 509) exited normally]
(gdb) 