 gcc -g p4final.c
 ./a.out
enter the no.
5
enter the no.
6
enter the no.
7
largest of the three no.5,6 and 7 is 7
 gdb a.out
GNU gdb (Ubuntu 8.1.1-0ubuntu1) 8.1.1
Copyright (C) 2018 Free Software Foundation, Inc.
License GPLv3+: GNU GPL version 3 or later <http://gnu.org/licenses/gpl.html>
This is free software: you are free to change and redistribute it.
There is NO WARRANTY, to the extent permitted by law.  Type "show copying"
and "show warranty" for details.
This GDB was configured as "x86_64-linux-gnu".
Type "show configuration" for configuration details.
For bug reporting instructions, please see:
<http://www.gnu.org/software/gdb/bugs/>.
Find the GDB manual and other documentation resources online at:
<http://www.gnu.org/software/gdb/documentation/>.
For help, type "help".
Type "apropos word" to search for commands related to "word"...
Reading symbols from a.out...done.
(gdb) b main
Breakpoint 1 at 0x847: file p4final.c, line 28.
(gdb) r
Starting program: /home/runner/pps-test1-madhavis2002-6/a.out 
warning: Error disabling address space randomization: Operation not permitted

Breakpoint 1, main () at p4final.c:28
28    int a=input();
(gdb) n
enter the no.
5
29    int b=input();
(gdb) 7
Undefined command: "7".  Try "help".
(gdb) n
enter the no.
6
30    int c=input();
(gdb) n
enter the no.
7
31    int l=cmp(a,b,c);
(gdb) n
32    output(a,b,c,l);
(gdb) p a
$1 = 5
(gdb) p b
$2 = 6
(gdb) p c
$3 = 7
(gdb) p l
$4 = 7
(gdb) n
largest of the three no.5,6 and 7 is 7
33    return 0;
(gdb) n
34  }(gdb) c
Continuing.
[Inferior 1 (process 418) exited normally]
(gdb) b main
Note: breakpoint 1 also set at pc 0x55c913800847.
Breakpoint 2 at 0x55c913800847: file p4final.c, line 28.
(gdb) r
Starting program: /home/runner/pps-test1-madhavis2002-6/a.out 
warning: Error disabling address space randomization: Operation not permitted

Breakpoint 1, main () at p4final.c:28
28    int a=input();
(gdb) n
enter the no.
6
29    int b=input();
(gdb) n
enter the no.
5
30    int c=input();
(gdb) n
enter the no.
4
31    int l=cmp(a,b,c);
(gdb) n
32    output(a,b,c,l);
(gdb) p a
$5 = 6
(gdb) p b
$6 = 5
(gdb) p c
$7 = 4
(gdb) p l
$8 = 6
(gdb) n
largest of the three no.6,5 and 4 is 6
33    return 0;
(gdb) n
34  }(gdb) q
A debugging session is active.

    Inferior 1 [process 422] will be killed.

Quit anyway? (y or n) y
 